  cbs_buffer.cpp
  cbs_camera.cpp
  cbs_descriptors.cpp
C:\Users\Dell\source\repos\CubusVulkan\cbs_descriptors.cpp(192,68): warning C4267: 'argument': conversion from 'size_t' to 'uint32_t', possible loss of data
  cbs_device.cpp
  cbs_game_object.cpp
  cbs_model.cpp
  cbs_pipeline.cpp
  cbs_renderer.cpp
C:\Users\Dell\source\repos\CubusVulkan\cbs_renderer.hpp(22,73): warning C4267: 'return': conversion from 'size_t' to 'uint32_t', possible loss of data
  cbs_swap_chain.cpp
  cbs_window.cpp
  imgui.cpp
  imgui_demo.cpp
  imgui_draw.cpp
  main_imgui.cpp
C:\Users\Dell\source\repos\CubusVulkan\main_imgui.cpp(178,21): warning C4244: '=': conversion from 'int' to 'float', possible loss of data
  imgui_impl_glfw.cpp
  imgui_impl_vulkan.cpp
  imgui_tables.cpp
  imgui_widgets.cpp
  keyboard_movement_controller.cpp
  main.cpp
C:\Users\Dell\source\repos\CubusVulkan\cbs_renderer.hpp(22,73): warning C4267: 'return': conversion from 'size_t' to 'uint32_t', possible loss of data
  Compiling...
  main_app.cpp
C:\Users\Dell\source\repos\CubusVulkan\cbs_renderer.hpp(22,73): warning C4267: 'return': conversion from 'size_t' to 'uint32_t', possible loss of data
  render_system.cpp
  Generating code
  Previous IPDB was built with incompatible compiler, fall back to full compilation.
  All 5153 functions were compiled because no usable IPDB/IOBJ from previous compilation was found.
  Finished generating code
  Cubus.vcxproj -> C:\Users\Dell\source\repos\CubusVulkan\x64\Release\Cubus.exe
